
 Start  Stop   Length Name               Class

 00000H 000FFH 00100H STACKSEG           
 00100H 0037FH 00280H DATA               
 00380H 00518H 00199H CODE               


Detailed map of segments

 0000:0000 0100 C=       S=STACKSEG       G=(none)  M=A.ASM      ACBP=74
 0010:0000 0280 C=       S=DATA           G=(none)  M=A.ASM      ACBP=60
 0038:0000 0199 C=       S=CODE           G=(none)  M=A.ASM      ACBP=60

  Address         Publics by Name


  Address         Publics by Value


Line numbers for a.obj(A.ASM) segment CODE

     4 0038:0000     5 0038:0001     6 0038:0002     9 0038:0003
    10 0038:0005    11 0038:0007    12 0038:0009    13 0038:000B
    14 0038:000D    15 0038:000F    17 0038:0011    18 0038:0014
    19 0038:0017    21 0038:0019    22 0038:001C    23 0038:0021
    25 0038:0023    26 0038:0026    27 0038:0028    28 0038:002B
    30 0038:002D    31 0038:0030    32 0038:0032    34 0038:0034
    35 0038:0037    36 0038:0039    39 0038:003B    40 0038:003E
    41 0038:0041    42 0038:0043    43 0038:0045    44 0038:0048
    45 0038:004A    47 0038:004C    48 0038:004F    49 0038:0052
    50 0038:0054    57 0038:0057    58 0038:005A    60 0038:005C
    61 0038:005D    62 0038:005E    63 0038:005F   148 0038:0060
   149 0038:0061   150 0038:0062   151 0038:0063   153 0038:0064
   154 0038:0066   156 0038:0068   157 0038:006A   158 0038:006C
   159 0038:006E   160 0038:0070   161 0038:0072   163 0038:0074
   164 0038:0076   166 0038:0079   167 0038:007B   168 0038:007D
   169 0038:007E   170 0038:007F   171 0038:0081   172 0038:0083
   174 0038:0085   175 0038:0086   176 0038:0089   177 0038:008B
   179 0038:008D   180 0038:008E   181 0038:008F   182 0038:0090
   183 0038:0091   188 0038:0092   189 0038:0093   190 0038:0094
   193 0038:0095   194 0038:0097   195 0038:009A   196 0038:009D
   197 0038:009F   199 0038:00A1   200 0038:00A3   202 0038:00A5
   204 0038:00A8   205 0038:00AA   206 0038:00AD   207 0038:00B0
   209 0038:00B3   210 0038:00B6   211 0038:00B8   212 0038:00BA
   215 0038:00BC   216 0038:00BF   217 0038:00C2   218 0038:00C5
   219 0038:00C8   222 0038:00CA   223 0038:00CD   224 0038:00D0
   225 0038:00D3   228 0038:00D5   229 0038:00D6   230 0038:00D7
   231 0038:00D8
     4 0038:00D9     5 0038:00DA     7 0038:00DB     8 0038:00DE
     9 0038:00E1    11 0038:00E3    12 0038:00E4    13 0038:00E5
    18 0038:00E6    19 0038:00E7    21 0038:00E8    22 0038:00EB
    23 0038:00EE    25 0038:00F0    26 0038:00F1    27 0038:00F2
    32 0038:00F3    33 0038:00F4    35 0038:00F5    36 0038:00F8
    37 0038:00FB    39 0038:00FD    40 0038:00FE    41 0038:00FF
    46 0038:0100    47 0038:0101    49 0038:0102    50 0038:0105
    51 0038:0108    52 0038:010A    53 0038:010D    54 0038:0110
    56 0038:0112    57 0038:0113    58 0038:0114    63 0038:0115
    64 0038:0116    66 0038:0117    67 0038:011A    68 0038:011D
    70 0038:011F    71 0038:0120    72 0038:0121    77 0038:0122
    78 0038:0123    80 0038:0124    81 0038:0127    82 0038:012A
    84 0038:012C    85 0038:012D    86 0038:012E
     4 0038:012F     5 0038:0130     8 0038:0131     9 0038:0133
    12 0038:0136    13 0038:0138    16 0038:013A    17 0038:013C
    18 0038:013D    19 0038:013E    20 0038:0141    21 0038:0143
    24 0038:0145    25 0038:0148    28 0038:014A    29 0038:014B
    30 0038:014C
    30 0038:014F    31 0038:0152    33 0038:0154    34 0038:0157
    35 0038:015A    37 0038:015C    38 0038:015F    39 0038:0162
    40 0038:0165    43 0038:0168    44 0038:016D    45 0038:016F
    46 0038:0174    48 0038:0176    49 0038:0179    50 0038:017C
    52 0038:017E    53 0038:0182    55 0038:0185    56 0038:0188
    59 0038:018A    60 0038:018D    61 0038:0190    62 0038:0192
    65 0038:0194    66 0038:0197
Program entry point at 0038:014F

