
 Start  Stop   Length Name               Class

 00000H 000FFH 00100H SSEG               
 00100H 0026BH 0016CH DSEG               
 00270H 0047CH 0020DH CSEG               


Detailed map of segments

 0000:0000 0100 C=       S=SSEG           G=(none)  M=A.ASM      ACBP=74
 0010:0000 016C C=       S=DSEG           G=(none)  M=A.ASM      ACBP=60
 0027:0000 020D C=       S=CSEG           G=(none)  M=A.ASM      ACBP=60

  Address         Publics by Name


  Address         Publics by Value


Line numbers for a.obj(A.ASM) segment CSEG

     4 0027:0000     5 0027:0001     7 0027:0002     8 0027:0005
     9 0027:0008    11 0027:000A    12 0027:000B    13 0027:000C
    18 0027:000D    19 0027:000E    21 0027:000F    22 0027:0012
    23 0027:0015    25 0027:0017    26 0027:0018    27 0027:0019
    32 0027:001A    33 0027:001B    35 0027:001C    36 0027:001F
    37 0027:0022    39 0027:0024    40 0027:0025    41 0027:0026
    46 0027:0027    47 0027:0028    49 0027:0029    50 0027:002C
    51 0027:002F    52 0027:0031    53 0027:0034    54 0027:0037
    56 0027:0039    57 0027:003A    58 0027:003B    63 0027:003C
    64 0027:003D    66 0027:003E    67 0027:0041    68 0027:0044
    70 0027:0046    71 0027:0047    72 0027:0048    77 0027:0049
    78 0027:004A    80 0027:004B    81 0027:004E    82 0027:0051
    84 0027:0053    85 0027:0054    86 0027:0055
     4 0027:0056     5 0027:0057     6 0027:0058     9 0027:0059
    10 0027:005B    11 0027:005D    12 0027:005F    13 0027:0061
    14 0027:0063    15 0027:0065    17 0027:0067    18 0027:006A
    19 0027:006D    21 0027:006F    22 0027:0072    23 0027:0077
    25 0027:0079    26 0027:007C    27 0027:007E    28 0027:0081
    30 0027:0083    31 0027:0086    32 0027:0088    34 0027:008A
    35 0027:008D    36 0027:008F    39 0027:0091    40 0027:0094
    41 0027:0097    42 0027:0099    43 0027:009B    44 0027:009E
    45 0027:00A0    47 0027:00A2    48 0027:00A5    49 0027:00A8
    50 0027:00AA    57 0027:00AD    58 0027:00B0    60 0027:00B2
    61 0027:00B3    62 0027:00B4    63 0027:00B5   148 0027:00B6
   149 0027:00B7   150 0027:00B8   151 0027:00B9   153 0027:00BA
   154 0027:00BC   156 0027:00BE   157 0027:00C0   158 0027:00C2
   159 0027:00C4   160 0027:00C6   161 0027:00C8   163 0027:00CA
   164 0027:00CC   166 0027:00CF   167 0027:00D1   168 0027:00D3
   169 0027:00D4   170 0027:00D5   171 0027:00D7   172 0027:00D9
   174 0027:00DB   175 0027:00DC   176 0027:00DF   177 0027:00E1
   179 0027:00E3   180 0027:00E4   181 0027:00E5   182 0027:00E6
   183 0027:00E7   188 0027:00E8   189 0027:00E9   190 0027:00EA
   193 0027:00EB   194 0027:00ED   195 0027:00F0   196 0027:00F3
   197 0027:00F5   199 0027:00F7   200 0027:00F9   202 0027:00FB
   204 0027:00FE   205 0027:0100   206 0027:0103   207 0027:0106
   209 0027:0109   210 0027:010C   211 0027:010E   212 0027:0110
   215 0027:0112   216 0027:0115   217 0027:0118   218 0027:011B
   219 0027:011E   222 0027:0120   223 0027:0123   224 0027:0126
   225 0027:0129   228 0027:012B   229 0027:012C   230 0027:012D
   231 0027:012E
    29 0027:012F    30 0027:0130    31 0027:0131    33 0027:0132
    34 0027:0135    35 0027:0137    36 0027:0139    37 0027:013C
    38 0027:0140    39 0027:0142    40 0027:0144    41 0027:0146
    42 0027:0149    44 0027:014B    45 0027:014C    46 0027:014D
    47 0027:014E    51 0027:014F    53 0027:0150    54 0027:0152
    55 0027:0154    56 0027:0157    57 0027:015A    58 0027:015C
    60 0027:015F    61 0027:0161    62 0027:0165    63 0027:0168
    64 0027:016B    65 0027:016D    67 0027:0170    68 0027:0172
    69 0027:0176    71 0027:0178    72 0027:0179    76 0027:017A
    78 0027:017B    79 0027:017D    80 0027:0180    81 0027:0183
    82 0027:0185    84 0027:0188    85 0027:018A    86 0027:018E
    87 0027:0192    88 0027:0195    90 0027:0197    91 0027:0199
    92 0027:019D    94 0027:019F    95 0027:01A0    99 0027:01A1
   100 0027:01A2   101 0027:01A3   102 0027:01A6   103 0027:01A8
   104 0027:01AB   105 0027:01AE   106 0027:01B2   107 0027:01B4
   108 0027:01B7   109 0027:01B9   110 0027:01BD   111 0027:01BF
   112 0027:01C2   113 0027:01C4   114 0027:01C8   115 0027:01CA
   116 0027:01CD   117 0027:01CE   121 0027:01CF   123 0027:01D0
   124 0027:01D2   125 0027:01D7   127 0027:01D9   128 0027:01DC
   131 0027:01DF   132 0027:01E2   133 0027:01E3   134 0027:01E6
   135 0027:01E8   136 0027:01EA   137 0027:01EB   139 0027:01ED
   141 0027:01F0   143 0027:01F2   144 0027:01F3   148 0027:01F4
   149 0027:01F7   151 0027:01F9   152 0027:01FC   153 0027:01FF
   155 0027:0202   156 0027:0205   158 0027:0208   159 0027:020B
Program entry point at 0027:01F4

