
 Start  Stop   Length Name               Class

 00000H 000FFH 00100H STACKSEG           
 00100H 00155H 00056H DATA               
 00160H 0033AH 001DBH CODE               


Detailed map of segments

 0000:0000 0100 C=       S=STACKSEG       G=(none)  M=A.ASM      ACBP=74
 0010:0000 0056 C=       S=DATA           G=(none)  M=A.ASM      ACBP=60
 0016:0000 01DB C=       S=CODE           G=(none)  M=A.ASM      ACBP=60

  Address         Publics by Name


  Address         Publics by Value


Line numbers for a.obj(A.ASM) segment CODE

     4 0016:0000     5 0016:0001     6 0016:0002     9 0016:0003
    10 0016:0005    11 0016:0007    12 0016:0009    13 0016:000B
    14 0016:000D    15 0016:000F    17 0016:0011    18 0016:0014
    19 0016:0017    21 0016:0019    22 0016:001C    23 0016:0021
    25 0016:0023    26 0016:0026    27 0016:0028    28 0016:002B
    30 0016:002D    31 0016:0030    32 0016:0032    34 0016:0034
    35 0016:0037    36 0016:0039    39 0016:003B    40 0016:003E
    41 0016:0041    42 0016:0043    43 0016:0045    44 0016:0048
    45 0016:004A    47 0016:004C    48 0016:004F    49 0016:0052
    50 0016:0054    57 0016:0057    58 0016:005A    60 0016:005C
    61 0016:005D    62 0016:005E    63 0016:005F    67 0016:0060
    68 0016:0061    69 0016:0062    70 0016:0063    71 0016:0064
    73 0016:0065    74 0016:0067    76 0016:006A    77 0016:006C
    79 0016:006E    80 0016:0070    81 0016:0072    82 0016:0074
    83 0016:0076    84 0016:0078    86 0016:007A    87 0016:007C
    89 0016:007F    90 0016:0081    91 0016:0083    92 0016:0084
    93 0016:0085    94 0016:0087    95 0016:0089    97 0016:008B
    98 0016:008C    99 0016:008F   100 0016:0091   102 0016:0093
   103 0016:0096   104 0016:0097   105 0016:0098   106 0016:0099
   107 0016:009A   108 0016:009B   113 0016:009C   114 0016:009D
   115 0016:009E   118 0016:009F   119 0016:00A1   120 0016:00A4
   121 0016:00A7   122 0016:00A9   124 0016:00AB   125 0016:00AD
   127 0016:00AF   129 0016:00B2   130 0016:00B4   131 0016:00B7
   132 0016:00BA   134 0016:00BD   135 0016:00C0   136 0016:00C2
   137 0016:00C4   140 0016:00C6   141 0016:00C9   142 0016:00CC
   143 0016:00CF   144 0016:00D2   147 0016:00D4   148 0016:00D7
   149 0016:00DA   150 0016:00DD   153 0016:00DF   154 0016:00E0
   155 0016:00E1   156 0016:00E2   202 0016:00E3
     5 0016:00E4     6 0016:00E5     8 0016:00E6     9 0016:00E9
    10 0016:00EC    12 0016:00EE    13 0016:00EF    14 0016:00F0
    19 0016:00F1    20 0016:00F2    22 0016:00F3    23 0016:00F6
    24 0016:00F9    26 0016:00FB    27 0016:00FC    28 0016:00FD
    33 0016:00FE    34 0016:00FF    36 0016:0100    37 0016:0103
    38 0016:0106    40 0016:0108    41 0016:0109    42 0016:010A
    47 0016:010B    48 0016:010C    50 0016:010D    51 0016:0110
    52 0016:0113    53 0016:0115    54 0016:0118    55 0016:011B
    57 0016:011D    58 0016:011E    59 0016:011F    64 0016:0120
    65 0016:0121    67 0016:0122    68 0016:0125    69 0016:0128
    71 0016:012A    72 0016:012B    73 0016:012C    78 0016:012D
    79 0016:012E    81 0016:012F    82 0016:0132    83 0016:0135
    85 0016:0137    86 0016:0138    87 0016:0139    92 0016:013A
    93 0016:013B    95 0016:013C    96 0016:013F    97 0016:0142
    99 0016:0144   100 0016:0145   101 0016:0146
     5 0016:0147     6 0016:0148     7 0016:0149     8 0016:014A
    10 0016:014B    11 0016:014D    12 0016:0150    13 0016:0153
    14 0016:0156    16 0016:0159    17 0016:015C    18 0016:015E
    19 0016:0160    20 0016:0162    22 0016:0164    23 0016:0165
    24 0016:0166    25 0016:0167    26 0016:0168    31 0016:0169
    32 0016:016A    33 0016:016B    34 0016:016C    35 0016:016D
    37 0016:016E    38 0016:0170    39 0016:0173    41 0016:0176
    44 0016:0178    45 0016:017A    46 0016:017C    51 0016:017E
    52 0016:017F    53 0016:0180    54 0016:0181    55 0016:0182
    56 0016:0185    57 0016:0186    58 0016:0187    59 0016:0188
    65 0016:0189    66 0016:018B    68 0016:018D    69 0016:018E
    70 0016:0190    73 0016:0192    74 0016:0193    75 0016:0195
    77 0016:0197    80 0016:0199    81 0016:019C    83 0016:019E
    84 0016:01A1    87 0016:01A3    88 0016:01A4    89 0016:01A5
    90 0016:01A6    91 0016:01A7    92 0016:01A8
    27 0016:01A9    28 0016:01AC    30 0016:01AE    31 0016:01B1
    32 0016:01B5    33 0016:01B8    34 0016:01BB    36 0016:01BE
    37 0016:01C0    40 0016:01C2    41 0016:01C5    42 0016:01C8
    43 0016:01CA    46 0016:01CC    47 0016:01CF    48 0016:01D2
    49 0016:01D4    52 0016:01D6    53 0016:01D9
Program entry point at 0016:01A9

