
 Start  Stop   Length Name               Class

 00000H 000FFH 00100H SSEG               
 00100H 00113H 00014H DSEG               
 00120H 0029BH 0017CH CSEG               


Detailed map of segments

 0000:0000 0100 C=       S=SSEG           G=(none)  M=A.ASM      ACBP=74
 0010:0000 0014 C=       S=DSEG           G=(none)  M=A.ASM      ACBP=60
 0012:0000 017C C=       S=CSEG           G=(none)  M=A.ASM      ACBP=60

  Address         Publics by Name


  Address         Publics by Value


Line numbers for a.obj(A.ASM) segment CSEG

    23 0012:0000    24 0012:0004    25 0012:0006    29 0012:0007
    30 0012:000B    31 0012:000D    35 0012:000E    36 0012:0012
    37 0012:0014    38 0012:0016
     4 0012:0017     5 0012:0018     6 0012:0019     9 0012:001A
    10 0012:001C    11 0012:001E    12 0012:0020    13 0012:0022
    14 0012:0024    15 0012:0026    17 0012:0028    18 0012:002B
    19 0012:002E    21 0012:0030    22 0012:0033    23 0012:0038
    25 0012:003A    26 0012:003D    27 0012:003F    28 0012:0042
    30 0012:0044    31 0012:0047    32 0012:0049    34 0012:004B
    35 0012:004E    36 0012:0050    39 0012:0052    40 0012:0055
    41 0012:0058    42 0012:005A    43 0012:005C    44 0012:005F
    45 0012:0061    47 0012:0063    48 0012:0066    49 0012:0069
    50 0012:006B    57 0012:006E    58 0012:0071    60 0012:0073
    61 0012:0074    62 0012:0075    63 0012:0076   148 0012:0077
   149 0012:0078   150 0012:0079   151 0012:007A   153 0012:007B
   154 0012:007D   156 0012:007F   157 0012:0081   158 0012:0083
   159 0012:0085   160 0012:0087   161 0012:0089   163 0012:008B
   164 0012:008D   166 0012:0090   167 0012:0092   168 0012:0094
   169 0012:0095   170 0012:0096   171 0012:0098   172 0012:009A
   174 0012:009C   175 0012:009D   176 0012:00A0   177 0012:00A2
   179 0012:00A4   180 0012:00A5   181 0012:00A6   182 0012:00A7
   183 0012:00A8   188 0012:00A9   189 0012:00AA   190 0012:00AB
   193 0012:00AC   194 0012:00AE   195 0012:00B1   196 0012:00B4
   197 0012:00B6   199 0012:00B8   200 0012:00BA   202 0012:00BC
   204 0012:00BF   205 0012:00C1   206 0012:00C4   207 0012:00C7
   209 0012:00CA   210 0012:00CD   211 0012:00CF   212 0012:00D1
   215 0012:00D3   216 0012:00D6   217 0012:00D9   218 0012:00DC
   219 0012:00DF   222 0012:00E1   223 0012:00E4   224 0012:00E7
   225 0012:00EA   228 0012:00EC   229 0012:00ED   230 0012:00EE
   231 0012:00EF
     4 0012:00F0     5 0012:00F1     7 0012:00F2     8 0012:00F5
     9 0012:00F8    11 0012:00FA    12 0012:00FB    13 0012:00FC
    18 0012:00FD    19 0012:00FE    21 0012:00FF    22 0012:0102
    23 0012:0105    25 0012:0107    26 0012:0108    27 0012:0109
    32 0012:010A    33 0012:010B    35 0012:010C    36 0012:010F
    37 0012:0112    39 0012:0114    40 0012:0115    41 0012:0116
    46 0012:0117    47 0012:0118    49 0012:0119    50 0012:011C
    51 0012:011F    52 0012:0121    53 0012:0124    54 0012:0127
    56 0012:0129    57 0012:012A    58 0012:012B    63 0012:012C
    64 0012:012D    66 0012:012E    67 0012:0131    68 0012:0134
    70 0012:0136    71 0012:0137    72 0012:0138    77 0012:0139
    78 0012:013A    80 0012:013B    81 0012:013E    82 0012:0141
    84 0012:0143    85 0012:0144    86 0012:0145
    45 0012:0146    46 0012:0149    49 0012:014B    50 0012:014E
    51 0012:0152    52 0012:0156    53 0012:0158    54 0012:015B
    55 0012:015C    57 0012:015E    58 0012:0161    61 0012:0163
    62 0012:0167    63 0012:0169    64 0012:016C    65 0012:016D
    67 0012:016F    68 0012:0172    70 0012:0174    76 0012:0177
    77 0012:017A
Program entry point at 0012:0146

