
 Start  Stop   Length Name               Class

 00000H 000FFH 00100H STACKSEG           
 00100H 00356H 00257H DATA               
 00360H 004F8H 00199H CODE               


Detailed map of segments

 0000:0000 0100 C=       S=STACKSEG       G=(none)  M=A.ASM      ACBP=74
 0010:0000 0257 C=       S=DATA           G=(none)  M=A.ASM      ACBP=60
 0036:0000 0199 C=       S=CODE           G=(none)  M=A.ASM      ACBP=60

  Address         Publics by Name


  Address         Publics by Value


Line numbers for a.obj(A.ASM) segment CODE

     4 0036:0000     5 0036:0001     6 0036:0002     9 0036:0003
    10 0036:0005    11 0036:0007    12 0036:0009    13 0036:000B
    14 0036:000D    15 0036:000F    17 0036:0011    18 0036:0014
    19 0036:0017    21 0036:0019    22 0036:001C    23 0036:0021
    25 0036:0023    26 0036:0026    27 0036:0028    28 0036:002B
    30 0036:002D    31 0036:0030    32 0036:0032    34 0036:0034
    35 0036:0037    36 0036:0039    39 0036:003B    40 0036:003E
    41 0036:0041    42 0036:0043    43 0036:0045    44 0036:0048
    45 0036:004A    47 0036:004C    48 0036:004F    49 0036:0052
    50 0036:0054    57 0036:0057    58 0036:005A    60 0036:005C
    61 0036:005D    62 0036:005E    63 0036:005F   148 0036:0060
   149 0036:0061   150 0036:0062   151 0036:0063   153 0036:0064
   154 0036:0066   156 0036:0068   157 0036:006A   158 0036:006C
   159 0036:006E   160 0036:0070   161 0036:0072   163 0036:0074
   164 0036:0076   166 0036:0079   167 0036:007B   168 0036:007D
   169 0036:007E   170 0036:007F   171 0036:0081   172 0036:0083
   174 0036:0085   175 0036:0086   176 0036:0089   177 0036:008B
   179 0036:008D   180 0036:008E   181 0036:008F   182 0036:0090
   183 0036:0091   188 0036:0092   189 0036:0093   190 0036:0094
   193 0036:0095   194 0036:0097   195 0036:009A   196 0036:009D
   197 0036:009F   199 0036:00A1   200 0036:00A3   202 0036:00A5
   204 0036:00A8   205 0036:00AA   206 0036:00AD   207 0036:00B0
   209 0036:00B3   210 0036:00B6   211 0036:00B8   212 0036:00BA
   215 0036:00BC   216 0036:00BF   217 0036:00C2   218 0036:00C5
   219 0036:00C8   222 0036:00CA   223 0036:00CD   224 0036:00D0
   225 0036:00D3   228 0036:00D5   229 0036:00D6   230 0036:00D7
   231 0036:00D8
     4 0036:00D9     5 0036:00DA     7 0036:00DB     8 0036:00DE
     9 0036:00E1    11 0036:00E3    12 0036:00E4    13 0036:00E5
    18 0036:00E6    19 0036:00E7    21 0036:00E8    22 0036:00EB
    23 0036:00EE    25 0036:00F0    26 0036:00F1    27 0036:00F2
    32 0036:00F3    33 0036:00F4    35 0036:00F5    36 0036:00F8
    37 0036:00FB    39 0036:00FD    40 0036:00FE    41 0036:00FF
    46 0036:0100    47 0036:0101    49 0036:0102    50 0036:0105
    51 0036:0108    52 0036:010A    53 0036:010D    54 0036:0110
    56 0036:0112    57 0036:0113    58 0036:0114    63 0036:0115
    64 0036:0116    66 0036:0117    67 0036:011A    68 0036:011D
    70 0036:011F    71 0036:0120    72 0036:0121    77 0036:0122
    78 0036:0123    80 0036:0124    81 0036:0127    82 0036:012A
    84 0036:012C    85 0036:012D    86 0036:012E
     4 0036:012F     5 0036:0130     8 0036:0131     9 0036:0133
    12 0036:0136    13 0036:0138    16 0036:013A    17 0036:013C
    18 0036:013D    19 0036:013E    20 0036:0141    21 0036:0143
    24 0036:0145    25 0036:0148    28 0036:014A    29 0036:014B
    30 0036:014C
    28 0036:014F    29 0036:0152    31 0036:0154    32 0036:0157
    33 0036:015A    35 0036:015C    36 0036:015F    37 0036:0162
    38 0036:0165    41 0036:0168    42 0036:016D    43 0036:016F
    44 0036:0174    46 0036:0176    47 0036:0179    48 0036:017C
    50 0036:017E    51 0036:0182    53 0036:0185    54 0036:0188
    57 0036:018A    58 0036:018D    59 0036:0190    60 0036:0192
    63 0036:0194    64 0036:0197
Program entry point at 0036:014F

